(TranslationUnit
    (SymbolTable
        1
        {
            intrinsics_10:
                (Program
                    (SymbolTable
                        2
                        {
                            x:
                                (Variable
                                    2
                                    x
                                    []
                                    Local
                                    (IntegerConstant 3 (Integer 4))
                                    (IntegerConstant 3 (Integer 4))
                                    Parameter
                                    (Integer 4)
                                    ()
                                    Source
                                    Public
                                    Required
                                    .false.
                                )
                        })
                    intrinsics_10
                    []
                    [(Print
                        [(IntrinsicElementalFunction
                            Real
                            [(Var 2 x)]
                            0
                            (Real 4)
                            (RealConstant
                                3.000000
                                (Real 4)
                            )
                        )]
                        ()
                        ()
                    )]
                )
        })
    []
)
