(TranslationUnit
    (SymbolTable
        1
        {
            preprocessor5:
                (Program
                    (SymbolTable
                        2
                        {
                            
                        })
                    preprocessor5
                    []
                    [(Print
                        [(IntegerConstant 1 (Integer 4) Decimal)]
                        ()
                        ()
                    )
                    (Print
                        [(IntegerConstant 12 (Integer 4) Decimal)]
                        ()
                        ()
                    )
                    (Print
                        [(IntegerConstant 3 (Integer 4) Decimal)]
                        ()
                        ()
                    )
                    (Print
                        [(IntegerConstant 6 (Integer 4) Decimal)]
                        ()
                        ()
                    )
                    (Print
                        [(IntegerConstant 15 (Integer 4) Decimal)]
                        ()
                        ()
                    )]
                )
        })
    []
)
